---
source: tests/tui_layout.rs
expression: "draw(&mut app, 100, 16)"
---
┌ b/only.rs ──────────────────────────────────────────────────────────────────────────────────────┐│
│let line5 = 5;                             │  5 ~  5 │let line5 = 500;                           ││
│let line6 = 6;                             │  6    6 │let line6 = 6;                             ││
│let line7 = 7;                             │  7    7 │let line7 = 7;                             ││
│let line8 = 8;                             │  8    8 │let line8 = 8;                             │▐
│───────────────────────────────────── ⋯ 23 unchanged lines ──────────────────────────────────────││
│let line32 = 32;                           │ 32   32 │let line32 = 32;                           ││
│let line33 = 33;                           │ 33   33 │let line33 = 33;                           │╌
│let line34 = 34;                           │ 34   34 │let line34 = 34;                           ││
│let line35 = 35;                           │ 35 ~ 35 │let line35 = 3500;                         ││
│let line36 = 36;                           │ 36   36 │let line36 = 36;                           ││
│let line37 = 37;                           │ 37   37 │let line37 = 37;                           │▐
│let line38 = 38;                           │ 38   38 │let line38 = 38;                           ││
│────────────────────────────────────── ⋯ 2 unchanged lines ──────────────────────────────────────││
└─────────────────────────────────────────────────────────────────────────────────────────────────┘╌
row 5/17  +0 -0 ~2  n/N change  [/] file  f whole file  / search  ? keys  q quit
